[clonify-knots-kit.framer.website/headers.html]
[backblue.gif]
[fade.gif]
[index.html]
[framerusercontent.com/images/DP3KPhVEoyEbOLRi1zLKPRix88.png]
[framerusercontent.com/images/SbtDUzL42V1lddg4lw5RbSnd1mo.png]
[framerusercontent.com/images/5NyumfYLLHneCh5i5oeN48n4L0.png]
[framerusercontent.com/assets/d4REmphPks3rJzazR6q2tZ8bnw.jpg]
[clonify-knots-kit.framer.website/index.html]
[framerusercontent.com/images/JaOgyyFnKRuMIuUYvAKnjHCVLEM.png]
[framerusercontent.com/images/ReB8XkhZuxQ63Irck8BHupEoDc4.png]
[framerusercontent.com/images/88tQOVodNOTKVfTGGkTCwcCqM.png]
[framerusercontent.com/images/8uyaLGwMuTYnCX17mwzUdaQg.png]
[framerusercontent.com/images/89xqr9irlk7P45Gv4GHNw3PagHs.png]
[framerusercontent.com/images/NNSGhSQZlNKpwj2rjFPtv60M.png]
[framerusercontent.com/images/knmkshC4wESLxCgYbItsg1VTQ.png]
[framerusercontent.com/images/swxJjiopo2SC0vXqtJcXjQgY.png]
[framerusercontent.com/images/AajfX4JOthETV1OAEX5762lApNw.png]
[framerusercontent.com/images/EZNVq8AlIXjcDN5laTT5tDxAsk.png]
[framerusercontent.com/images/PzsQRD5jkd8uBxp43HVVkWAY.png]
[framerusercontent.com/images/irgJvCcKzfCXVDHpIqwpfrdGeA.png]
[framerusercontent.com/images/FLSM35IssJdWRmnQmx3y5P6gJ6k.png]
[framerusercontent.com/images/J6ZLih4pdZSkaG7H00YU2EUyIO8.png]
[framerusercontent.com/images/3rapLWffwzpIpZchgyl4nQhLJU8.png]
[framerusercontent.com/images/Re0GyHFTK0t60GM6YHghutboI.png]
[framerusercontent.com/images/TDFYqlLOw57RBCC9HoPuWsvywo.png]
[framerusercontent.com/images/o8czvUika3UoOg6f0wJTFwVl0A.png]
[framerusercontent.com/images/qyNTVTdHA7RwyrIENN3gP24pw.png]
[framerusercontent.com/images/33IDOr6zQG8xSXApJx8xjRJk7o.png]
[framerusercontent.com/images/b8MGHxdkJEnBoec2uZr1UEoht4.png]
[framerusercontent.com/images/oIQdQtrR2K23IgxeDIvAsukpQM.png]
[framerusercontent.com/images/YtKjWtVLndni1SpYVq5xkLrt4s.png]
[framerusercontent.com/images/zR5o9FNlW8orzAcxP7pDOj2YHQ.png]
[framerusercontent.com/images/6QrXmspAmfhpCx9vKcbwj35mOVk.png]
[clonify-knots-kit.framer.website/headers.html]
[framerusercontent.com/images/IoQ4Th7qVctzJr53oTgZlpldAK8.png]
[clonify-knots-kit.framer.website/content.html]
[clonify-knots-kit.framer.website/features.html]
[clonify-knots-kit.framer.website/testimonials.html]
[clonify-knots-kit.framer.website/navbars.html]
[clonify-knots-kit.framer.website/cta.html]
[clonify-knots-kit.framer.website/portfolio.html]
[clonify-knots-kit.framer.website/team.html]
[clonify-knots-kit.framer.website/page-headers.html]
[clonify-knots-kit.framer.website/blog.html]
[clonify-knots-kit.framer.website/footers.html]
[clonify-knots-kit.framer.website/404.2a.delayed]
[clonify-knots-kit.framer.website/faqs.html]
[clonify-knots-kit.framer.website/pricing.html]
[clonify-knots-kit.framer.website/index.html]
[clonify-knots-kit.framer.website/logos.html]
[framerusercontent.com/images/m2pwcIFNQOWBF75WURrhGpkjak.jpg]
[framerusercontent.com/images/Rv9GKS62kBA1Djx4nrzzirk66UE.jpg]
[framerusercontent.com/images/biD3F6NfoPi8SIZUjgzkwefag.jpg]
[framerusercontent.com/images/Sj0jPoss0D7GldDYWu3YzRbOCzA.jpg]
[framerusercontent.com/images/SuP9kLhxs43tctSeoo831M8TLsbf23.jpg]
[framerusercontent.com/images/TifmVXW29yykDkEdgQ4iuDcVuV4.jpg]
[framerusercontent.com/images/NY0fldyhjWuJ6nNKypTw7LuRH9g.jpg]
[framerusercontent.com/images/GBsBQ0mwHEi9VCexUCXDTXZRI0.jpg]
[framerusercontent.com/images/xDByJeYj3SBVZlKYmfGax98qEE8.jpg]
[framerusercontent.com/images/IqZz081yCuT2Rcp8EyqNBjljilk.jpg]
[framerusercontent.com/images/g10RVUXmI8XWpZjUub4RxIy6JY.jpg]
[framerusercontent.com/images/yTrIbb6NeHTB0jNYz4i0OZlvAVQ.jpg]
[framerusercontent.com/images/uliq2Zqi4nsPvkYBwkdDMorY.jpg]
[framerusercontent.com/images/GHiv98sFwc9C5XsPrx1xDA5ORvI.jpg]
[framerusercontent.com/images/FHy2rjsG4VJyzH82EZgm6gk39Fg.jpg]
[framerusercontent.com/images/elmKaC3IEaj6mcfkglYw1T8lN0.jpg]
[framerusercontent.com/images/j0n2eMS2cFUZrnVbPq6n1Zov40.jpg]
[framerusercontent.com/images/jlXU2sDkooVaPg17CCltzEJGBfg.png]
[framerusercontent.com/images/jgQ4TV6VZ7Tio7oA8TdNWdkvC98.jpg]
[framerusercontent.com/images/PUUAUfdF2sm6SstWL0sVJ0EGVU.jpg]
[framerusercontent.com/images/kBDidJZCa4JODu1wO9TGxch21qk.jpg]
[framerusercontent.com/images/ufFZMnTXFea6dAdEkNC2RZymTM0.jpg]
[framerusercontent.com/images/xUdELdPW9EQjsqvwmt5U4Z39iEA.png]
[framerusercontent.com/images/zeGFCKDPDXWsoWvSwkbZ84WAdTc.jpg]
[clonify-knots-kit.framer.website/content.html]
[framerusercontent.com/images/fYnUDdkzE28q4Q3386k0EFy9I.png]
[framerusercontent.com/images/x1KqK1DNhh3avvy6mu6tB2I3IY4.png]
[clonify-knots-kit.framer.website/features.html]
[framerusercontent.com/images/nU5hbBxfn4Ip8Cq0VLWQjRYI9ae5.jpg]
[framerusercontent.com/images/UutfQjkxHds7H6q8egntIda2nKA.jpg]
[framerusercontent.com/images/FyGmoARJJIydNjydUlLlHTk3E.jpg]
[framerusercontent.com/images/CDGC647h3dOoV1TqGwRU9cdHCYo.png]
[clonify-knots-kit.framer.website/testimonials.html]
[clonify-knots-kit.framer.website/navbars.html]
[framerusercontent.com/images/nxSADh9D3gafevrBYCIHbEnsPAA.png]
[framerusercontent.com/images/q4RGf2a2pr79uT21Pz33IiXdzwc.png]
[framerusercontent.com/images/LfIMopSzG8ybgiP3F42hff2sTxk.png]
[framerusercontent.com/images/ucxbU0a1qAK6bMKlWkihfGIDoO0.png]
[framerusercontent.com/images/qHHsWRfK0hvwSWDUqp8n2n5OtBo.png]
[framerusercontent.com/images/KZXbfUSEMOxdNLfjOJPEwH3C9n8.png]
[framerusercontent.com/images/6i0f9lLBLaDBJumamAnzWlXfHKg.png]
[framerusercontent.com/images/dBqeN4W615tJg55wNDovjAPYKI.png]
[framerusercontent.com/images/trTKrtImypl3hUJaww0UniicrI.png]
[clonify-knots-kit.framer.website/cta.html]
[framerusercontent.com/images/yWDYuKotS5sQ1fMPCDkVrxoVeWA.jpg]
[framerusercontent.com/images/m2T8YxV60xAurzZxHNi9mRbdZo.jpg]
[framerusercontent.com/images/CsBMYu1CNgtzzDVcd3jRaT3FXc.jpg]
[framerusercontent.com/images/4EQuApcMFQu8g3wBihU6k9hu52s.jpg]
[framerusercontent.com/images/q2k4dnfInJ84gbmoumPw6wD2xk.jpg]
[framerusercontent.com/images/gWz48zpwSi5UHQNNJFIRL5gaxE.jpg]
[framerusercontent.com/images/l3gY310OpI3TFHWX5yB7BD22bqQ.jpg]
[framerusercontent.com/images/t96tbzvqMaRoKH48Le8kFF6vF4.jpg]
[framerusercontent.com/images/05lx79UMeSEAhSRE2lJFUIQGV0.jpg]
[framerusercontent.com/images/vzx1EPUuKoztIJC0qoB7Cc5gY.jpg]
[framerusercontent.com/images/NL5i0fYIpDNT4FGdZTM52f9ocQ.jpg]
[framerusercontent.com/images/aIx4RSOls6zk8FL6rYchaa32DA.jpg]
[framerusercontent.com/images/udM5BV4M9k3YXPt8I8krOBBkas.jpg]
[clonify-knots-kit.framer.website/portfolio.html]
[framerusercontent.com/images/wlBZukYX6RsiDGYao2U7ekTXBvo.jpg]
[framerusercontent.com/images/o26QTq7OCzIW0GLcAwSpRdUk.jpg]
[framerusercontent.com/images/k53ILdBhHIhVhGVWyOn3YzRvjgQ.jpg]
[framerusercontent.com/images/ujSuHQsEe3xyC2l0ztdi7ZvNZk.jpg]
[framerusercontent.com/images/uuU9ZBRMi7i5YAnySHddvowCM.jpg]
[framerusercontent.com/images/Jys1icfaFpALzwsewyZdpWjtLg.jpg]
[framerusercontent.com/images/4K73HZwjyIEXYgUwNPyOaZfQ3Ac17f5.png]
[framerusercontent.com/images/QkBnxOhkFf0hOqP3Pg9nQCAdWE.jpg]
[framerusercontent.com/images/RMt4JChWMr8qFXTIg794mJZ8Y.jpg]
[framerusercontent.com/images/REnnValuMYGHYkZvRiB75FFXUk.jpg]
[framerusercontent.com/images/0gdig9EtYEhHEl6Job0Cn8ZkBb8.jpg]
[framerusercontent.com/images/S1cegTjtluXynkbJlgPa9GdzRw.jpg]
[clonify-knots-kit.framer.website/team.html]
[framerusercontent.com/images/ubtzCXBODnImA8GbOVKDmuS6yGw.jpg]
[framerusercontent.com/images/nEgvtk8YjT0PBJQ9sQUIOfz15I.jpg]
[framerusercontent.com/images/2evrUOhoYCoSxz1DN4ZRFxm3Ow.jpg]
[framerusercontent.com/images/VRMfJEBRWNVtVqTM5LmP4JFnbk8.png]
[clonify-knots-kit.framer.website/page-headers.html]
[framerusercontent.com/images/Yen1YOhRjhPIiFMESjKS5ekwo.jpg]
[framerusercontent.com/images/TlhfEMwpGa2CtiwsLZhLZ04mrQ.jpg]
[framerusercontent.com/images/LtincfKwBLVGmez562Tu2RnpU.jpg]
[framerusercontent.com/images/IiQlQThiR2FC3RsF0AQRVrlSJCQ.jpg]
[framerusercontent.com/images/oSyVNjY9k0zNo4TFneHLFhdgnc.jpg]
[framerusercontent.com/images/L7Gss5m0nyOGydrYjAXDu9BE4.jpg]
[framerusercontent.com/images/FGh1FfcqDoibGTHve710MUaso.jpg]
[framerusercontent.com/images/z6scMzr8RaPfIdMWODB5VzRGl0I.jpg]
[framerusercontent.com/images/3yG1vUcZvubtlVOCaY0DtmMj4.jpg]
[clonify-knots-kit.framer.website/blog.html]
[clonify-knots-kit.framer.website/footers.html]
[clonify-knots-kit.framer.website/404.html]
[clonify-knots-kit.framer.website/faqs.html]
[clonify-knots-kit.framer.website/pricing.html]
[clonify-knots-kit.framer.website/logos.html]
